// Jest Snapshot v1, https://goo.gl/fbAQLP

exports[`Stack built 1`] = `
Object {
  "Outputs": Object {
    "CommandStackrestAPIEndpoint57446DD7": Object {
      "Value": Object {
        "Fn::Join": Array [
          "",
          Array [
            "https://",
            Object {
              "Ref": "CommandStackrestAPI3679B2B9",
            },
            ".execute-api.",
            Object {
              "Ref": "AWS::Region",
            },
            ".",
            Object {
              "Ref": "AWS::URLSuffix",
            },
            "/",
            Object {
              "Ref": "CommandStackrestAPIDeploymentStageprod59D1A883",
            },
            "/",
          ],
        ],
      },
    },
  },
  "Parameters": Object {
    "AssetParameters849cbe22c8ca25ba6836d6f894da92c6c608d3cb3a79e226d8e830a5a71bd514ArtifactHash0587AED6": Object {
      "Description": "Artifact hash for asset \\"849cbe22c8ca25ba6836d6f894da92c6c608d3cb3a79e226d8e830a5a71bd514\\"",
      "Type": "String",
    },
    "AssetParameters849cbe22c8ca25ba6836d6f894da92c6c608d3cb3a79e226d8e830a5a71bd514S3Bucket392F590E": Object {
      "Description": "S3 bucket for asset \\"849cbe22c8ca25ba6836d6f894da92c6c608d3cb3a79e226d8e830a5a71bd514\\"",
      "Type": "String",
    },
    "AssetParameters849cbe22c8ca25ba6836d6f894da92c6c608d3cb3a79e226d8e830a5a71bd514S3VersionKey6AB266BE": Object {
      "Description": "S3 key for asset version \\"849cbe22c8ca25ba6836d6f894da92c6c608d3cb3a79e226d8e830a5a71bd514\\"",
      "Type": "String",
    },
  },
  "Resources": Object {
    "CommandStackCommandsTable15B01C37": Object {
      "DeletionPolicy": "Delete",
      "Properties": Object {
        "AttributeDefinitions": Array [
          Object {
            "AttributeName": "itemId",
            "AttributeType": "S",
          },
        ],
        "KeySchema": Array [
          Object {
            "AttributeName": "itemId",
            "KeyType": "HASH",
          },
        ],
        "ProvisionedThroughput": Object {
          "ReadCapacityUnits": 50,
          "WriteCapacityUnits": 5,
        },
        "SSESpecification": Object {
          "SSEEnabled": true,
        },
        "TableName": "CommandsTable",
      },
      "Type": "AWS::DynamoDB::Table",
      "UpdateReplacePolicy": "Delete",
    },
    "CommandStackputcommandC6C29518": Object {
      "DependsOn": Array [
        "CommandStackputcommandServiceRoleDefaultPolicyE7AF3FE6",
        "CommandStackputcommandServiceRole6326BD17",
      ],
      "Properties": Object {
        "Code": Object {
          "S3Bucket": Object {
            "Ref": "AssetParameters849cbe22c8ca25ba6836d6f894da92c6c608d3cb3a79e226d8e830a5a71bd514S3Bucket392F590E",
          },
          "S3Key": Object {
            "Fn::Join": Array [
              "",
              Array [
                Object {
                  "Fn::Select": Array [
                    0,
                    Object {
                      "Fn::Split": Array [
                        "||",
                        Object {
                          "Ref": "AssetParameters849cbe22c8ca25ba6836d6f894da92c6c608d3cb3a79e226d8e830a5a71bd514S3VersionKey6AB266BE",
                        },
                      ],
                    },
                  ],
                },
                Object {
                  "Fn::Select": Array [
                    1,
                    Object {
                      "Fn::Split": Array [
                        "||",
                        Object {
                          "Ref": "AssetParameters849cbe22c8ca25ba6836d6f894da92c6c608d3cb3a79e226d8e830a5a71bd514S3VersionKey6AB266BE",
                        },
                      ],
                    },
                  ],
                },
              ],
            ],
          },
        },
        "Environment": Object {
          "Variables": Object {
            "PRIMARY_KEY": "itemId",
            "TABLE_NAME": Object {
              "Ref": "CommandStackCommandsTable15B01C37",
            },
          },
        },
        "Handler": "put_command.putCommand",
        "Role": Object {
          "Fn::GetAtt": Array [
            "CommandStackputcommandServiceRole6326BD17",
            "Arn",
          ],
        },
        "Runtime": "nodejs10.x",
      },
      "Type": "AWS::Lambda::Function",
    },
    "CommandStackputcommandServiceRole6326BD17": Object {
      "Properties": Object {
        "AssumeRolePolicyDocument": Object {
          "Statement": Array [
            Object {
              "Action": "sts:AssumeRole",
              "Effect": "Allow",
              "Principal": Object {
                "Service": "lambda.amazonaws.com",
              },
            },
          ],
          "Version": "2012-10-17",
        },
        "ManagedPolicyArns": Array [
          Object {
            "Fn::Join": Array [
              "",
              Array [
                "arn:",
                Object {
                  "Ref": "AWS::Partition",
                },
                ":iam::aws:policy/service-role/AWSLambdaBasicExecutionRole",
              ],
            ],
          },
        ],
      },
      "Type": "AWS::IAM::Role",
    },
    "CommandStackputcommandServiceRoleDefaultPolicyE7AF3FE6": Object {
      "Properties": Object {
        "PolicyDocument": Object {
          "Statement": Array [
            Object {
              "Action": Array [
                "dynamodb:BatchGetItem",
                "dynamodb:GetRecords",
                "dynamodb:GetShardIterator",
                "dynamodb:Query",
                "dynamodb:GetItem",
                "dynamodb:Scan",
                "dynamodb:BatchWriteItem",
                "dynamodb:PutItem",
                "dynamodb:UpdateItem",
                "dynamodb:DeleteItem",
              ],
              "Effect": "Allow",
              "Resource": Array [
                Object {
                  "Fn::GetAtt": Array [
                    "CommandStackCommandsTable15B01C37",
                    "Arn",
                  ],
                },
                Object {
                  "Ref": "AWS::NoValue",
                },
              ],
            },
          ],
          "Version": "2012-10-17",
        },
        "PolicyName": "CommandStackputcommandServiceRoleDefaultPolicyE7AF3FE6",
        "Roles": Array [
          Object {
            "Ref": "CommandStackputcommandServiceRole6326BD17",
          },
        ],
      },
      "Type": "AWS::IAM::Policy",
    },
    "CommandStackrestAPI3679B2B9": Object {
      "Properties": Object {
        "Description": "This service receives the command",
        "Name": "Put Command Service",
      },
      "Type": "AWS::ApiGateway::RestApi",
    },
    "CommandStackrestAPIANY970EB4EF": Object {
      "Properties": Object {
        "AuthorizationType": "NONE",
        "HttpMethod": "ANY",
        "Integration": Object {
          "IntegrationHttpMethod": "POST",
          "Type": "AWS_PROXY",
          "Uri": Object {
            "Fn::Join": Array [
              "",
              Array [
                "arn:",
                Object {
                  "Ref": "AWS::Partition",
                },
                ":apigateway:",
                Object {
                  "Ref": "AWS::Region",
                },
                ":lambda:path/2015-03-31/functions/",
                Object {
                  "Fn::GetAtt": Array [
                    "CommandStackputcommandC6C29518",
                    "Arn",
                  ],
                },
                "/invocations",
              ],
            ],
          },
        },
        "ResourceId": Object {
          "Fn::GetAtt": Array [
            "CommandStackrestAPI3679B2B9",
            "RootResourceId",
          ],
        },
        "RestApiId": Object {
          "Ref": "CommandStackrestAPI3679B2B9",
        },
      },
      "Type": "AWS::ApiGateway::Method",
    },
    "CommandStackrestAPIANYApiPermissionMyTestStackCommandStackrestAPIAB625E13ANY866FB9A6": Object {
      "Properties": Object {
        "Action": "lambda:InvokeFunction",
        "FunctionName": Object {
          "Fn::GetAtt": Array [
            "CommandStackputcommandC6C29518",
            "Arn",
          ],
        },
        "Principal": "apigateway.amazonaws.com",
        "SourceArn": Object {
          "Fn::Join": Array [
            "",
            Array [
              "arn:",
              Object {
                "Ref": "AWS::Partition",
              },
              ":execute-api:",
              Object {
                "Ref": "AWS::Region",
              },
              ":",
              Object {
                "Ref": "AWS::AccountId",
              },
              ":",
              Object {
                "Ref": "CommandStackrestAPI3679B2B9",
              },
              "/",
              Object {
                "Ref": "CommandStackrestAPIDeploymentStageprod59D1A883",
              },
              "/*/",
            ],
          ],
        },
      },
      "Type": "AWS::Lambda::Permission",
    },
    "CommandStackrestAPIANYApiPermissionTestMyTestStackCommandStackrestAPIAB625E13ANYFE2358DA": Object {
      "Properties": Object {
        "Action": "lambda:InvokeFunction",
        "FunctionName": Object {
          "Fn::GetAtt": Array [
            "CommandStackputcommandC6C29518",
            "Arn",
          ],
        },
        "Principal": "apigateway.amazonaws.com",
        "SourceArn": Object {
          "Fn::Join": Array [
            "",
            Array [
              "arn:",
              Object {
                "Ref": "AWS::Partition",
              },
              ":execute-api:",
              Object {
                "Ref": "AWS::Region",
              },
              ":",
              Object {
                "Ref": "AWS::AccountId",
              },
              ":",
              Object {
                "Ref": "CommandStackrestAPI3679B2B9",
              },
              "/test-invoke-stage/*/",
            ],
          ],
        },
      },
      "Type": "AWS::Lambda::Permission",
    },
    "CommandStackrestAPIAccount5DA4B2B2": Object {
      "DependsOn": Array [
        "CommandStackrestAPI3679B2B9",
      ],
      "Properties": Object {
        "CloudWatchRoleArn": Object {
          "Fn::GetAtt": Array [
            "CommandStackrestAPICloudWatchRoleE647DCEE",
            "Arn",
          ],
        },
      },
      "Type": "AWS::ApiGateway::Account",
    },
    "CommandStackrestAPICloudWatchRoleE647DCEE": Object {
      "Properties": Object {
        "AssumeRolePolicyDocument": Object {
          "Statement": Array [
            Object {
              "Action": "sts:AssumeRole",
              "Effect": "Allow",
              "Principal": Object {
                "Service": "apigateway.amazonaws.com",
              },
            },
          ],
          "Version": "2012-10-17",
        },
        "ManagedPolicyArns": Array [
          Object {
            "Fn::Join": Array [
              "",
              Array [
                "arn:",
                Object {
                  "Ref": "AWS::Partition",
                },
                ":iam::aws:policy/service-role/AmazonAPIGatewayPushToCloudWatchLogs",
              ],
            ],
          },
        ],
      },
      "Type": "AWS::IAM::Role",
    },
    "CommandStackrestAPIDeployment1FEDBCF671088b956e1521b3a8c2ec9e0f238264": Object {
      "DependsOn": Array [
        "CommandStackrestAPIproxyANY7FC85E0A",
        "CommandStackrestAPIproxyFAFCC689",
        "CommandStackrestAPIANY970EB4EF",
      ],
      "Properties": Object {
        "Description": "Automatically created by the RestApi construct",
        "RestApiId": Object {
          "Ref": "CommandStackrestAPI3679B2B9",
        },
      },
      "Type": "AWS::ApiGateway::Deployment",
    },
    "CommandStackrestAPIDeploymentStageprod59D1A883": Object {
      "Properties": Object {
        "DeploymentId": Object {
          "Ref": "CommandStackrestAPIDeployment1FEDBCF671088b956e1521b3a8c2ec9e0f238264",
        },
        "RestApiId": Object {
          "Ref": "CommandStackrestAPI3679B2B9",
        },
        "StageName": "prod",
      },
      "Type": "AWS::ApiGateway::Stage",
    },
    "CommandStackrestAPIproxyANY7FC85E0A": Object {
      "Properties": Object {
        "AuthorizationType": "NONE",
        "HttpMethod": "ANY",
        "Integration": Object {
          "IntegrationHttpMethod": "POST",
          "Type": "AWS_PROXY",
          "Uri": Object {
            "Fn::Join": Array [
              "",
              Array [
                "arn:",
                Object {
                  "Ref": "AWS::Partition",
                },
                ":apigateway:",
                Object {
                  "Ref": "AWS::Region",
                },
                ":lambda:path/2015-03-31/functions/",
                Object {
                  "Fn::GetAtt": Array [
                    "CommandStackputcommandC6C29518",
                    "Arn",
                  ],
                },
                "/invocations",
              ],
            ],
          },
        },
        "ResourceId": Object {
          "Ref": "CommandStackrestAPIproxyFAFCC689",
        },
        "RestApiId": Object {
          "Ref": "CommandStackrestAPI3679B2B9",
        },
      },
      "Type": "AWS::ApiGateway::Method",
    },
    "CommandStackrestAPIproxyANYApiPermissionMyTestStackCommandStackrestAPIAB625E13ANYproxyBED4A2D0": Object {
      "Properties": Object {
        "Action": "lambda:InvokeFunction",
        "FunctionName": Object {
          "Fn::GetAtt": Array [
            "CommandStackputcommandC6C29518",
            "Arn",
          ],
        },
        "Principal": "apigateway.amazonaws.com",
        "SourceArn": Object {
          "Fn::Join": Array [
            "",
            Array [
              "arn:",
              Object {
                "Ref": "AWS::Partition",
              },
              ":execute-api:",
              Object {
                "Ref": "AWS::Region",
              },
              ":",
              Object {
                "Ref": "AWS::AccountId",
              },
              ":",
              Object {
                "Ref": "CommandStackrestAPI3679B2B9",
              },
              "/",
              Object {
                "Ref": "CommandStackrestAPIDeploymentStageprod59D1A883",
              },
              "/*/{proxy+}",
            ],
          ],
        },
      },
      "Type": "AWS::Lambda::Permission",
    },
    "CommandStackrestAPIproxyANYApiPermissionTestMyTestStackCommandStackrestAPIAB625E13ANYproxy5E553189": Object {
      "Properties": Object {
        "Action": "lambda:InvokeFunction",
        "FunctionName": Object {
          "Fn::GetAtt": Array [
            "CommandStackputcommandC6C29518",
            "Arn",
          ],
        },
        "Principal": "apigateway.amazonaws.com",
        "SourceArn": Object {
          "Fn::Join": Array [
            "",
            Array [
              "arn:",
              Object {
                "Ref": "AWS::Partition",
              },
              ":execute-api:",
              Object {
                "Ref": "AWS::Region",
              },
              ":",
              Object {
                "Ref": "AWS::AccountId",
              },
              ":",
              Object {
                "Ref": "CommandStackrestAPI3679B2B9",
              },
              "/test-invoke-stage/*/{proxy+}",
            ],
          ],
        },
      },
      "Type": "AWS::Lambda::Permission",
    },
    "CommandStackrestAPIproxyFAFCC689": Object {
      "Properties": Object {
        "ParentId": Object {
          "Fn::GetAtt": Array [
            "CommandStackrestAPI3679B2B9",
            "RootResourceId",
          ],
        },
        "PathPart": "{proxy+}",
        "RestApiId": Object {
          "Ref": "CommandStackrestAPI3679B2B9",
        },
      },
      "Type": "AWS::ApiGateway::Resource",
    },
  },
}
`;
